Here is some file content:
Here is some cool file content!


Multiple lines and all :D